Text: {key: 'Counter', text: '1', count: 1}
Text: {key: 'Counter', text: '0', count: 0}
